// Jest Snapshot v1, https://goo.gl/fbAQLP

exports[`App component match snapshot 1`] = `
<div
  className="App"
>
  <div>
    Main component mock
  </div>
</div>
`;
